// Jest Snapshot v1, https://goo.gl/fbAQLP

exports[`should render ExpensesSummary correctly with expenses 1`] = `
<div
  className="page-header"
>
  <div
    className="content-container"
  >
    <h1
      className="page-header__title"
    >
      Viewing 
      <span />
       expense(s) totalling
       
      <span>
        $0.00
      </span>
      <div
        className="page-header__actions"
      >
        <[object Object]
          className="button"
          to="/create"
        >
          Add Expense
        </[object Object]>
      </div>
    </h1>
  </div>
</div>
`;

exports[`should render ExpensesSummary correctly without any expenses 1`] = `
<div
  className="page-header"
>
  <div
    className="content-container"
  >
    <h1
      className="page-header__title"
    >
      Viewing 
      <span />
       expense(s) totalling
       
      <span>
        $0.00
      </span>
      <div
        className="page-header__actions"
      >
        <[object Object]
          className="button"
          to="/create"
        >
          Add Expense
        </[object Object]>
      </div>
    </h1>
  </div>
</div>
`;
